// Jest Snapshot v1, https://goo.gl/fbAQLP

exports[`Thought renders a single thought 1`] = `
<div
  className="item thought-card"
  data-value={undefined}
  onClick={[Function]}
  role="listitem"
>
  <div>
    <div
      className="relative-time"
    >
      a few seconds ago
    </div>
    <div
      className="ui basic buttons"
    >
      <button
        className="ui icon button delete-button"
        onClick={[Function]}
        tabIndex={undefined}
      >
        <i
          aria-hidden="true"
          className="trash icon"
        />
         
      </button>
    </div>
  </div>
  <p>
    This is a thought.
  </p>
</div>
`;
